05-21 12:49:44.238   553   606 I ActivityManager: Force stopping ru.cisgame.colorquarter.debug appid=10148 user=-1: installPackageLI
05-21 12:49:44.239   553   629 I PackageManager: Update package ru.cisgame.colorquarter.debug code path from /data/app/~~qZiY8eweAqJx4O_J_PXH4A==/ru.cisgame.colorquarter.debug-wfqr1sis8YOYoz7TTeMMfg== to /data/app/~~r2i47N-evmqhmFfk3XuZQw==/ru.cisgame.colorquarter.debug-_Zhj-UjGd1oJUMwEkPMrnQ==; Retain data and using new
05-21 12:49:44.338   553   629 I ActivityManager: Force stopping ru.cisgame.colorquarter.debug appid=10148 user=0: pkg removed
05-21 12:49:44.347  1119  1119 D ActivityThread: Package [ru.cisgame.colorquarter.debug] reported as REPLACED, but missing application info. Assuming REMOVED.
05-21 12:49:44.347   996   996 D ActivityThread: Package [ru.cisgame.colorquarter.debug] reported as REPLACED, but missing application info. Assuming REMOVED.
05-21 12:49:44.347   947   947 D ActivityThread: Package [ru.cisgame.colorquarter.debug] reported as REPLACED, but missing application info. Assuming REMOVED.
05-21 12:49:44.347  1289  1289 D ActivityThread: Package [ru.cisgame.colorquarter.debug] reported as REPLACED, but missing application info. Assuming REMOVED.
05-21 12:49:44.347  1535  1535 D ActivityThread: Package [ru.cisgame.colorquarter.debug] reported as REPLACED, but missing application info. Assuming REMOVED.
05-21 12:49:44.347  1790  1790 D ActivityThread: Package [ru.cisgame.colorquarter.debug] reported as REPLACED, but missing application info. Assuming REMOVED.
05-21 12:49:44.350  1446  1446 D ActivityThread: Package [ru.cisgame.colorquarter.debug] reported as REPLACED, but missing application info. Assuming REMOVED.
05-21 12:49:44.350  1755  1755 D ActivityThread: Package [ru.cisgame.colorquarter.debug] reported as REPLACED, but missing application info. Assuming REMOVED.
05-21 12:49:44.350  1729  1729 D ActivityThread: Package [ru.cisgame.colorquarter.debug] reported as REPLACED, but missing application info. Assuming REMOVED.
05-21 12:49:44.350  1084  1084 D ActivityThread: Package [ru.cisgame.colorquarter.debug] reported as REPLACED, but missing application info. Assuming REMOVED.
05-21 12:49:44.351  1269  1269 D ActivityThread: Package [ru.cisgame.colorquarter.debug] reported as REPLACED, but missing application info. Assuming REMOVED.
05-21 12:49:44.352  1701  1701 D ActivityThread: Package [ru.cisgame.colorquarter.debug] reported as REPLACED, but missing application info. Assuming REMOVED.
05-21 12:49:44.352  1717  1717 D ActivityThread: Package [ru.cisgame.colorquarter.debug] reported as REPLACED, but missing application info. Assuming REMOVED.
05-21 12:49:44.353  1621  1621 D ActivityThread: Package [ru.cisgame.colorquarter.debug] reported as REPLACED, but missing application info. Assuming REMOVED.
05-21 12:49:44.353  1631  1631 D ActivityThread: Package [ru.cisgame.colorquarter.debug] reported as REPLACED, but missing application info. Assuming REMOVED.
05-21 12:49:44.353  1513  1513 D ActivityThread: Package [ru.cisgame.colorquarter.debug] reported as REPLACED, but missing application info. Assuming REMOVED.
05-21 12:49:44.353  1647  1647 D ActivityThread: Package [ru.cisgame.colorquarter.debug] reported as REPLACED, but missing application info. Assuming REMOVED.
05-21 12:49:44.353  1683  1683 D ActivityThread: Package [ru.cisgame.colorquarter.debug] reported as REPLACED, but missing application info. Assuming REMOVED.
05-21 12:49:44.353  1465  1465 D ActivityThread: Package [ru.cisgame.colorquarter.debug] reported as REPLACED, but missing application info. Assuming REMOVED.
05-21 12:49:44.353  1671  1671 D ActivityThread: Package [ru.cisgame.colorquarter.debug] reported as REPLACED, but missing application info. Assuming REMOVED.
05-21 12:49:44.353  1405  1405 D ActivityThread: Package [ru.cisgame.colorquarter.debug] reported as REPLACED, but missing application info. Assuming REMOVED.
05-21 12:49:44.353  1606  1606 D ActivityThread: Package [ru.cisgame.colorquarter.debug] reported as REPLACED, but missing application info. Assuming REMOVED.
05-21 12:49:44.353  1496  1496 D ActivityThread: Package [ru.cisgame.colorquarter.debug] reported as REPLACED, but missing application info. Assuming REMOVED.
05-21 12:49:44.353  1659  1659 D ActivityThread: Package [ru.cisgame.colorquarter.debug] reported as REPLACED, but missing application info. Assuming REMOVED.
05-21 12:49:44.353  1286  1286 D ActivityThread: Package [ru.cisgame.colorquarter.debug] reported as REPLACED, but missing application info. Assuming REMOVED.
05-21 12:49:44.353   921   921 D ActivityThread: Package [ru.cisgame.colorquarter.debug] reported as REPLACED, but missing application info. Assuming REMOVED.
05-21 12:49:44.353  1576  1576 D ActivityThread: Package [ru.cisgame.colorquarter.debug] reported as REPLACED, but missing application info. Assuming REMOVED.
05-21 12:49:44.354  1215  1215 D ActivityThread: Package [ru.cisgame.colorquarter.debug] reported as REPLACED, but missing application info. Assuming REMOVED.
05-21 12:49:44.354  1541  1541 D ActivityThread: Package [ru.cisgame.colorquarter.debug] reported as REPLACED, but missing application info. Assuming REMOVED.
05-21 12:49:44.354  1338  1338 D ActivityThread: Package [ru.cisgame.colorquarter.debug] reported as REPLACED, but missing application info. Assuming REMOVED.
05-21 12:49:44.354   810   810 D ActivityThread: Package [ru.cisgame.colorquarter.debug] reported as REPLACED, but missing application info. Assuming REMOVED.
05-21 12:49:44.354   553   696 W PackageConfigPersister: App-specific configuration not found for packageName: ru.cisgame.colorquarter.debug and userId: 0
05-21 12:49:44.360   868   868 D ActivityThread: Package [ru.cisgame.colorquarter.debug] reported as REPLACED, but missing application info. Assuming REMOVED.
05-21 12:49:44.361   996   996 I SafetyLabelChangedBroadcastReceiver: received broadcast packageName: ru.cisgame.colorquarter.debug, current user: UserHandle{0}, packageChangeEvent: UPDATE, intent user: UserHandle{0}
05-21 12:49:44.361   553   779 I SdkSandboxManager: No SDKs used. Skipping SDK data reconcilation for CallingInfo{mUid=10148, mPackageName='ru.cisgame.colorquarter.debug, mAppProcessToken='null'}
05-21 12:49:44.361   553   779 I SdkSandboxManager: No SDKs used. Skipping SDK data reconcilation for CallingInfo{mUid=10148, mPackageName='ru.cisgame.colorquarter.debug, mAppProcessToken='null'}
05-21 12:49:44.362  1231  1231 D ActivityThread: Package [ru.cisgame.colorquarter.debug] reported as REPLACED, but missing application info. Assuming REMOVED.
05-21 12:49:44.364  1119  1166 D PackageUpdatedTask: Package updated: mOp=UPDATE packages=[ru.cisgame.colorquarter.debug]
05-21 12:49:44.365   553   553 I Telecom : CarModeTracker: Package ru.cisgame.colorquarter.debug is not tracked.: SSH.oR@AFE🔒
05-21 12:49:44.366   553   553 D ActivityThread: Package [ru.cisgame.colorquarter.debug] reported as REPLACED, but missing application info. Assuming REMOVED.
05-21 12:49:44.371   553   553 W AlarmManager: Package ru.cisgame.colorquarter.debug, uid 10148 lost permission to set exact alarms!
05-21 12:49:44.375   553   769 D ShortcutService: replacing package: ru.cisgame.colorquarter.debug userId0
05-21 12:49:44.377   553   769 D ShortcutService: handlePackageUpdateFinished: ru.cisgame.colorquarter.debug user=0
05-21 12:49:44.377   553   769 D ShortcutService: rescanPackageIfNeeded 0@ru.cisgame.colorquarter.debug, forceRescan=true , isNewApp=true
05-21 12:49:44.377   553   769 D ShortcutService: Package ru.cisgame.colorquarter.debug has 0 manifest shortcut(s), and 0 share target(s)
05-21 12:49:44.391   936   936 D ActivityThread: Package [ru.cisgame.colorquarter.debug] reported as REPLACED, but missing application info. Assuming REMOVED.
05-21 12:49:44.391   936   936 D CarrierSvcBindHelper: onPackageUpdateFinished: ru.cisgame.colorquarter.debug
05-21 12:49:44.391   936   936 D CarrierSvcBindHelper: onPackageModified: ru.cisgame.colorquarter.debug
05-21 12:49:44.394   553   572 I ActivityManager: Force stopping ru.cisgame.colorquarter.debug appid=10148 user=0: clear data
05-21 12:49:44.398   553   606 I ActivityManager: Force stopping ru.cisgame.colorquarter.debug appid=10148 user=-1: clearApplicationUserData
05-21 12:49:44.411   936  1130 D ImsResolver: maybeAddedImsService, packageName: ru.cisgame.colorquarter.debug
05-21 12:49:44.425   553   752 I AppWidgetServiceImpl: Updating package stopped masked state for uid 10148 package ru.cisgame.colorquarter.debug isStopped false
05-21 12:49:44.427   553   769 D ShortcutService: clearing data for package: ru.cisgame.colorquarter.debug userId0
05-21 12:49:44.427   553   769 D ShortcutService: handlePackageDataCleared: ru.cisgame.colorquarter.debug user=0
05-21 12:49:44.427   553   769 D ShortcutService: rescanPackageIfNeeded 0@ru.cisgame.colorquarter.debug, forceRescan=true , isNewApp=true
05-21 12:49:44.429   936   936 D CarrierSvcBindHelper: onHandleForceStop: [ru.cisgame.colorquarter.debug]
05-21 12:49:44.440   553   769 D ShortcutService: Package ru.cisgame.colorquarter.debug has 0 manifest shortcut(s), and 0 share target(s)
05-21 12:49:44.448  1269  1530 D MediaProvider: Deleted 0 Android/media items belonging to ru.cisgame.colorquarter.debug on /data/user/0/com.android.providers.media.module/databases/external.db
05-21 12:49:44.449   996   996 D PersistedStoragePackageUninstalledReceiver: Received android.intent.action.PACKAGE_DATA_CLEARED for ru.cisgame.colorquarter.debug for u0
05-21 12:49:44.454   553  1026 V SplashScreenExceptionList: SplashScreen checking exception for package ru.cisgame.colorquarter.debug (target sdk:35) -> false
05-21 12:49:44.454  1269  1530 D MediaGrants: Removed 0 media_grants for 0 user for [ru.cisgame.colorquarter.debug, ru.cisgame.colorquarter.debug]. Reason: Package orphaned
05-21 12:49:44.457   553  1026 I ActivityTaskManager: START u0 {flg=0x10000000 cmp=ru.cisgame.colorquarter.debug/ru.cisgame.colorquarter.MainActivity} with LAUNCH_MULTIPLE from uid 2000 (BAL_ALLOW_PERMISSION) result code=0
05-21 12:49:44.485   810   859 V WindowManagerShell: Transition requested (#4): android.os.BinderProxy@ae1bafb TransitionRequestInfo { type = OPEN, triggerTask = TaskInfo{userId=0 taskId=12 displayId=0 isRunning=true baseIntent=Intent { flg=0x10000000 cmp=ru.cisgame.colorquarter.debug/ru.cisgame.colorquarter.MainActivity } baseActivity=ComponentInfo{ru.cisgame.colorquarter.debug/ru.cisgame.colorquarter.MainActivity} topActivity=ComponentInfo{ru.cisgame.colorquarter.debug/ru.cisgame.colorquarter.MainActivity} origActivity=null realActivity=ComponentInfo{ru.cisgame.colorquarter.debug/ru.cisgame.colorquarter.MainActivity} numActivities=1 lastActiveTime=34981 supportsMultiWindow=true resizeMode=1 isResizeable=true minWidth=-1 minHeight=-1 defaultMinSize=220 token=WCT{android.window.IWindowContainerToken$Stub$Proxy@2374718} topActivityType=1 pictureInPictureParams=null shouldDockBigOverlays=false launchIntoPipHostTaskId=-1 lastParentTaskIdBeforePip=-1 displayCutoutSafeInsets=null topActivityInfo=ActivityInfo{dc2c571 ru.cisgame.colorquarter.MainActivity} launchCookies=[] positionInParent=Point(0, 0) parentTaskId=-1 isFocused=false isVisible=false isVisibleRequested=false isSleeping=false locusId=null displayAreaFeatureId=1 isTopActivityTransparent=false appCompatTaskInfo=AppCompatTaskInfo { topActivityInSizeCompat=false topActivityEligibleForLetterboxEducation= falseisLetterboxEducationEnabled= false isLetterboxDoubleTapEnabled= false topActivityEligibleForUserAspectRatioButton= false topActivityBoundsLetterboxed= false isFromLetterboxDoubleTap= false topActivityLetterboxVerticalPosition= -1 topActivityLetterboxHorizontalPosition= -1 topActivityLetterboxWidth=1080 topActivityLetterboxHeight=2400 isUserFullscreenOverrideEnabled=false isSystemFullscreenOverrideEnabled=false cameraCompatTaskInfo=CameraCompatTaskInfo { cameraCompatControlState=hidden freeformCameraCompatMode=inactive}}}, pipTask = null, remoteTransition = null, displayChange = null, flags = 0, debugId = 4 }
05-21 12:49:44.491   553   607 I ActivityManager: Start proc 1865:ru.cisgame.colorquarter.debug/u0a148 for next-top-activity {ru.cisgame.colorquarter.debug/ru.cisgame.colorquarter.MainActivity}
05-21 12:49:44.520  1119  1119 I TopTaskTracker: onTaskMovedToFront: (moved taskInfo to front) taskId=12, baseIntent=Intent { flg=0x10000000 cmp=ru.cisgame.colorquarter.debug/ru.cisgame.colorquarter.MainActivity }
05-21 12:49:44.541   553   572 D CoreBackPreview: Window{1dc5a7e u0 Splash Screen ru.cisgame.colorquarter.debug}: Setting back callback OnBackInvokedCallbackInfo{mCallback=android.window.IOnBackInvokedCallback$Stub$Proxy@bdd96fb, mPriority=0, mIsAnimationCallback=false}
05-21 12:49:44.610   553   596 V WindowManager: Sent Transition (#4) createdAt=05-21 12:49:44.445 via request=TransitionRequestInfo { type = OPEN, triggerTask = TaskInfo{userId=0 taskId=12 displayId=0 isRunning=true baseIntent=Intent { flg=0x10000000 cmp=ru.cisgame.colorquarter.debug/ru.cisgame.colorquarter.MainActivity } baseActivity=ComponentInfo{ru.cisgame.colorquarter.debug/ru.cisgame.colorquarter.MainActivity} topActivity=ComponentInfo{ru.cisgame.colorquarter.debug/ru.cisgame.colorquarter.MainActivity} origActivity=null realActivity=ComponentInfo{ru.cisgame.colorquarter.debug/ru.cisgame.colorquarter.MainActivity} numActivities=1 lastActiveTime=34981 supportsMultiWindow=true resizeMode=1 isResizeable=true minWidth=-1 minHeight=-1 defaultMinSize=220 token=WCT{RemoteToken{e5d3b65 Task{d9e452a #12 type=standard A=10148:ru.cisgame.colorquarter.debug}}} topActivityType=1 pictureInPictureParams=null shouldDockBigOverlays=false launchIntoPipHostTaskId=-1 lastParentTaskIdBeforePip=-1 displayCutoutSafeInsets=null topActivityInfo=ActivityInfo{ae9403a ru.cisgame.colorquarter.MainActivity} launchCookies=[] positionInParent=Point(0, 0) parentTaskId=-1 isFocused=false isVisible=false isVisibleRequested=false isSleeping=false locusId=null displayAreaFeatureId=1 isTopActivityTransparent=false appCompatTaskInfo=AppCompatTaskInfo { topActivityInSizeCompat=false topActivityEligibleForLetterboxEducation= falseisLetterboxEducationEnabled= false isLetterboxDoubleTapEnabled= false topActivityEligibleForUserAspectRatioButton= false topActivityBoundsLetterboxed= false isFromLetterboxDoubleTap= false topActivityLetterboxVerticalPosition= -1 topActivityLetterboxHorizontalPosition= -1 topActivityLetterboxWidth=1080 topActivityLetterboxHeight=2400 isUserFullscreenOverrideEnabled=false isSystemFullscreenOverrideEnabled=false cameraCompatTaskInfo=CameraCompatTaskInfo { cameraCompatControlState=hidden freeformCameraCompatMode=inactive}}}, pipTask = null, remoteTransition = null, displayChange = null, flags = 0, debugId = 4 }
05-21 12:49:44.611   553   596 V WindowManager:         {WCT{RemoteToken{e5d3b65 Task{d9e452a #12 type=standard A=10148:ru.cisgame.colorquarter.debug}}} m=OPEN f=NONE leash=Surface(name=Task=12)/@0x766bacf sb=Rect(0, 0 - 1080, 2400) eb=Rect(0, 0 - 1080, 2400) d=0 taskParent=-1},
05-21 12:49:44.680  1743  1743 D ActivityThread: Package [ru.cisgame.colorquarter.debug] reported as REPLACED, but missing application info. Assuming REMOVED.
05-21 12:49:44.688  1865  1865 W ziparchive: Unable to open '/data/app/~~r2i47N-evmqhmFfk3XuZQw==/ru.cisgame.colorquarter.debug-_Zhj-UjGd1oJUMwEkPMrnQ==/base.dm': No such file or directory
05-21 12:49:44.688  1865  1865 W ziparchive: Unable to open '/data/app/~~r2i47N-evmqhmFfk3XuZQw==/ru.cisgame.colorquarter.debug-_Zhj-UjGd1oJUMwEkPMrnQ==/base.dm': No such file or directory
05-21 12:49:44.921  1865  1865 D nativeloader: Configuring clns-7 for other apk /data/app/~~r2i47N-evmqhmFfk3XuZQw==/ru.cisgame.colorquarter.debug-_Zhj-UjGd1oJUMwEkPMrnQ==/base.apk. target_sdk_version=35, uses_libraries=, library_path=/data/app/~~r2i47N-evmqhmFfk3XuZQw==/ru.cisgame.colorquarter.debug-_Zhj-UjGd1oJUMwEkPMrnQ==/lib/arm64:/data/app/~~r2i47N-evmqhmFfk3XuZQw==/ru.cisgame.colorquarter.debug-_Zhj-UjGd1oJUMwEkPMrnQ==/base.apk!/lib/arm64-v8a, permitted_path=/data:/mnt/expand:/data/user/0/ru.cisgame.colorquarter.debug
05-21 12:49:45.241   553   572 D CoreBackPreview: Window{8651ea1 u0 ru.cisgame.colorquarter.debug/ru.cisgame.colorquarter.MainActivity}: Setting back callback OnBackInvokedCallbackInfo{mCallback=android.window.IOnBackInvokedCallback$Stub$Proxy@7d200d9, mPriority=0, mIsAnimationCallback=false}
05-21 12:49:45.365   553   596 W ziparchive: Unable to open '/data/app/~~r2i47N-evmqhmFfk3XuZQw==/ru.cisgame.colorquarter.debug-_Zhj-UjGd1oJUMwEkPMrnQ==/base.dm': No such file or directory
05-21 12:49:45.365   553   596 I ActivityTaskManager: Displayed ru.cisgame.colorquarter.debug/ru.cisgame.colorquarter.MainActivity for user 0: +924ms
05-21 12:49:45.392   553   688 I ImeTracker: ru.cisgame.colorquarter.debug:a5669c30: onRequestHide at ORIGIN_SERVER reason HIDE_UNSPECIFIED_WINDOW fromUser false
05-21 12:49:45.392   553   688 I ImeTracker: ru.cisgame.colorquarter.debug:a5669c30: onCancelled at PHASE_SERVER_SHOULD_HIDE
05-21 12:49:45.724   553   572 D CoreBackPreview: Window{1dc5a7e u0 Splash Screen ru.cisgame.colorquarter.debug EXITING}: Setting back callback null
05-21 12:49:45.724   553   572 W InputManager-JNI: Input channel object '1dc5a7e Splash Screen ru.cisgame.colorquarter.debug (client)' was disposed without first being removed with the input manager!
05-21 12:49:46.745  1923  1923 D AndroidRuntime: >>>>>> START com.android.internal.os.RuntimeInit uid 2000 <<<<<<
05-21 12:49:46.747  1923  1923 I AndroidRuntime: Using default boot image
05-21 12:49:46.747  1923  1923 I AndroidRuntime: Leaving lock profiling enabled
05-21 12:49:46.805  1923  1923 D AndroidRuntime: Calling main entry com.android.commands.uiautomator.Launcher
05-21 12:49:47.863  1923  1923 D AndroidRuntime: Shutting down VM
05-21 12:49:50.476  1865  1944 D ProfileInstaller: Installing profile for ru.cisgame.colorquarter.debug
05-21 12:50:11.444  1970  1970 D AndroidRuntime: >>>>>> START com.android.internal.os.RuntimeInit uid 2000 <<<<<<
05-21 12:50:11.447  1970  1970 I AndroidRuntime: Using default boot image
05-21 12:50:11.447  1970  1970 I AndroidRuntime: Leaving lock profiling enabled
05-21 12:50:11.573  1970  1970 D AndroidRuntime: Calling main entry com.android.commands.uiautomator.Launcher
05-21 12:50:12.639  1970  1970 I AccessibilityNodeInfoDumper: Skipping invisible child: android.view.accessibility.AccessibilityNodeInfo@9388; boundsInParent: Rect(0, 0 - 0, 0); boundsInScreen: Rect(73, 2351 - 333, 2359); boundsInWindow: Rect(73, 2351 - 333, 2359); packageName: ru.cisgame.colorquarter.debug; className: android.widget.TextView; text: Сиреневый проезд; error: null; maxTextLength: -1; stateDescription: null; contentDescription: null; tooltipText: null; containerTitle: null; viewIdResName: null; uniqueId: null; checkable: false; checked: false; focusable: false; focused: false; selected: false; clickable: false; longClickable: false; contextClickable: false; enabled: true; password: false; scrollable: false; granularScrollingSupported: false; importantForAccessibility: true; visible: false; actions: [AccessibilityAction: ACTION_NEXT_AT_MOVEMENT_GRANULARITY - null, AccessibilityAction: ACTION_PREVIOUS_AT_MOVEMENT_GRANULARITY - null, AccessibilityAction: ACTION_ACCESSIBILITY_FOCUS - null, AccessibilityAction: ACTION_SET_SELECTION - null]; isTextSelectable: false
05-21 12:50:12.640  1970  1970 I AccessibilityNodeInfoDumper: Skipping invisible child: android.view.accessibility.AccessibilityNodeInfo@9442; boundsInParent: Rect(0, 0 - 0, 0); boundsInScreen: Rect(411, 2351 - 670, 2359); boundsInWindow: Rect(411, 2351 - 670, 2359); packageName: ru.cisgame.colorquarter.debug; className: android.widget.TextView; text: Большая клумба; error: null; maxTextLength: -1; stateDescription: null; contentDescription: null; tooltipText: null; containerTitle: null; viewIdResName: null; uniqueId: null; checkable: false; checked: false; focusable: false; focused: false; selected: false; clickable: false; longClickable: false; contextClickable: false; enabled: true; password: false; scrollable: false; granularScrollingSupported: false; importantForAccessibility: true; visible: false; actions: [AccessibilityAction: ACTION_NEXT_AT_MOVEMENT_GRANULARITY - null, AccessibilityAction: ACTION_PREVIOUS_AT_MOVEMENT_GRANULARITY - null, AccessibilityAction: ACTION_ACCESSIBILITY_FOCUS - null, AccessibilityAction: ACTION_SET_SELECTION - null]; isTextSelectable: false
05-21 12:50:12.642  1970  1970 I AccessibilityNodeInfoDumper: Skipping invisible child: android.view.accessibility.AccessibilityNodeInfo@94fc; boundsInParent: Rect(0, 0 - 0, 0); boundsInScreen: Rect(748, 2351 - 1007, 2359); boundsInWindow: Rect(748, 2351 - 1007, 2359); packageName: ru.cisgame.colorquarter.debug; className: android.widget.TextView; text: Трамвайное кольцо; error: null; maxTextLength: -1; stateDescription: null; contentDescription: null; tooltipText: null; containerTitle: null; viewIdResName: null; uniqueId: null; checkable: false; checked: false; focusable: false; focused: false; selected: false; clickable: false; longClickable: false; contextClickable: false; enabled: true; password: false; scrollable: false; granularScrollingSupported: false; importantForAccessibility: true; visible: false; actions: [AccessibilityAction: ACTION_NEXT_AT_MOVEMENT_GRANULARITY - null, AccessibilityAction: ACTION_PREVIOUS_AT_MOVEMENT_GRANULARITY - null, AccessibilityAction: ACTION_ACCESSIBILITY_FOCUS - null, AccessibilityAction: ACTION_SET_SELECTION - null]; isTextSelectable: false
05-21 12:50:12.646  1970  1970 D AndroidRuntime: Shutting down VM
05-21 12:50:30.022  2005  2005 D AndroidRuntime: >>>>>> START com.android.internal.os.RuntimeInit uid 2000 <<<<<<
05-21 12:50:30.025  2005  2005 I AndroidRuntime: Using default boot image
05-21 12:50:30.025  2005  2005 I AndroidRuntime: Leaving lock profiling enabled
05-21 12:50:30.087  2005  2005 D AndroidRuntime: Calling main entry com.android.commands.uiautomator.Launcher
05-21 12:50:31.134  2005  2005 D AndroidRuntime: Shutting down VM
05-21 12:50:49.770  2046  2046 D AndroidRuntime: >>>>>> START com.android.internal.os.RuntimeInit uid 2000 <<<<<<
05-21 12:50:49.771  2046  2046 I AndroidRuntime: Using default boot image
05-21 12:50:49.772  2046  2046 I AndroidRuntime: Leaving lock profiling enabled
05-21 12:50:49.821  2046  2046 D AndroidRuntime: Calling main entry com.android.commands.uiautomator.Launcher
05-21 12:50:50.855  2046  2046 I AccessibilityNodeInfoDumper: Skipping invisible child: android.view.accessibility.AccessibilityNodeInfo@b46f; boundsInParent: Rect(0, 0 - 0, 0); boundsInScreen: Rect(138, 2307 - 183, 2380); boundsInWindow: Rect(138, 2307 - 183, 2380); packageName: ru.cisgame.colorquarter.debug; className: android.widget.TextView; text: ✓; error: null; maxTextLength: -1; stateDescription: null; contentDescription: null; tooltipText: null; containerTitle: null; viewIdResName: null; uniqueId: null; checkable: false; checked: false; focusable: false; focused: false; selected: false; clickable: false; longClickable: false; contextClickable: false; enabled: true; password: false; scrollable: false; granularScrollingSupported: false; importantForAccessibility: true; visible: false; actions: [AccessibilityAction: ACTION_NEXT_AT_MOVEMENT_GRANULARITY - null, AccessibilityAction: ACTION_PREVIOUS_AT_MOVEMENT_GRANULARITY - null, AccessibilityAction: ACTION_ACCESSIBILITY_FOCUS - null, AccessibilityAction: ACTION_SET_SELECTION - null]; isTextSelectable: false
05-21 12:50:50.856  2046  2046 I AccessibilityNodeInfoDumper: Skipping invisible child: android.view.accessibility.AccessibilityNodeInfo@b4eb; boundsInParent: Rect(0, 0 - 0, 0); boundsInScreen: Rect(395, 2322 - 433, 2364); boundsInWindow: Rect(395, 2322 - 433, 2364); packageName: ru.cisgame.colorquarter.debug; className: android.widget.TextView; text: +2; error: null; maxTextLength: -1; stateDescription: null; contentDescription: null; tooltipText: null; containerTitle: null; viewIdResName: null; uniqueId: null; checkable: false; checked: false; focusable: false; focused: false; selected: false; clickable: false; longClickable: false; contextClickable: false; enabled: true; password: false; scrollable: false; granularScrollingSupported: false; importantForAccessibility: true; visible: false; actions: [AccessibilityAction: ACTION_NEXT_AT_MOVEMENT_GRANULARITY - null, AccessibilityAction: ACTION_PREVIOUS_AT_MOVEMENT_GRANULARITY - null, AccessibilityAction: ACTION_ACCESSIBILITY_FOCUS - null, AccessibilityAction: ACTION_SET_SELECTION - null]; isTextSelectable: false
05-21 12:50:50.860  2046  2046 D AndroidRuntime: Shutting down VM
